스피어 콜리젼이랑 부딪힐때 LMBDown하면 칼사라지고 블러드 파티클도 예외처리 해줘야댐
CRASH!!!  NavMesh의 범위를 넘어가서 collision이벤트가 발생되고 pathpoint 를 찾을라그러면 스마트포인터 오류가난다.

둘다 weapon 메쉬를 겹쳐서 설정해놔서 문제였음;; ㅎ

스태미너바가 무적되는버그
enemy.cpp 34번째줄 .. 뭐지.. 

콜리젼이용해서 에너미랑 스테이트바꾸는거를 거리계산해서 바꾸는걸로 변경해야함